<html>
<body>
<pre>
<h1>µVision Build Log</h1>
<h2>Tool Versions:</h2>
IDE-Version: ¦ÌVision V5.36.0.0
Copyright (C) 2021 ARM Ltd and ARM Germany GmbH. All rights reserved.
License Information: sdad sdfasdzxc, zxc, LIC=IK1BF-6H83U-DYWV3-AKZMP-6RJ7Z-WEXWV
 
Tool Versions:
Toolchain:       MDK-ARM Plus  Version: 5.36.0.0
Toolchain Path:  D:\Keil5\MDK5\ARM\ARMCC\Bin
C Compiler:      Armcc.exe V5.06 update 7 (build 960)
Assembler:       Armasm.exe V5.06 update 7 (build 960)
Linker/Locator:  ArmLink.exe V5.06 update 7 (build 960)
Library Manager: ArmAr.exe V5.06 update 7 (build 960)
Hex Converter:   FromElf.exe V5.06 update 7 (build 960)
CPU DLL:         SARMCM3.DLL V5.36.0.0
Dialog DLL:      DCM.DLL V1.17.3.0
Target DLL:      Segger\JL2CM3.dll V2.99.40.0
Dialog DLL:      TCM.DLL V1.53.0.0
 
<h2>Project:</h2>
D:\zixingche\duoji111\duoji\F407\F407ZGT6\MDK-ARM\F407ZGT6.uvprojx
Project File Date:  11/19/2023

<h2>Output:</h2>
*** Using Compiler 'V5.06 update 7 (build 960)', folder: 'D:\Keil5\MDK5\ARM\ARMCC\Bin'
Rebuild target 'F407ZGT6'
assembling startup_stm32f407xx.s...
compiling main.c...
../Core/Inc/balance.h(6): warning:  #1295-D: Deprecated declaration show_param_init - give arg types
  void show_param_init();
../Core/Inc/balance.h(7): warning:  #1295-D: Deprecated declaration param_init - give arg types
  void param_init();
../Core/Inc/balance.h(9): warning:  #1295-D: Deprecated declaration scope_show - give arg types
  void scope_show();
../Core/Inc/balance.h(50): warning:  #1295-D: Deprecated declaration scpoe_show_one - give arg types
  void scpoe_show_one();
../Core/Inc/balance.h(62): warning:  #1-D: last line of file ends without a newline
  #endif
../Core/Inc/servo.h(6): warning:  #1295-D: Deprecated declaration servo_init - give arg types
  void servo_init();
../Core/Inc/servo.h(11): warning:  #1295-D: Deprecated declaration caramera_init - give arg types
  void caramera_init();
../Core/Inc/odrive.h(20): warning:  #1295-D: Deprecated declaration odrive_feedback - give arg types
  void odrive_feedback();
../Core/Inc/odrive.h(21): warning:  #1295-D: Deprecated declaration odrive_init - give arg types
  void odrive_init();
../Core/Inc/odrive.h(24): warning:  #1-D: last line of file ends without a newline
  #endif
../Core/Src/main.c(145): warning:  #188-D: enumerated type mixed with another type
      HAL_GPIO_WritePin(GPIOD, GPIO_PIN_3, 0);
../Core/Src/main.c: 11 warnings, 0 errors
compiling stm32f4xx_hal_msp.c...
compiling stm32f4xx_it.c...
compiling imu.c...
..\Core\Src\imu.c(71): warning:  #1035-D: single-precision operand implicitly converted to double-precision
    float b = 2.0 * pi * fc * Ts;
..\Core\Src\imu.c(113): warning:  #1-D: last line of file ends without a newline
  }
..\Core\Src\imu.c: 2 warnings, 0 errors
compiling gpio.c...
compiling tim.c...
../Core/Inc/servo.h(6): warning:  #1295-D: Deprecated declaration servo_init - give arg types
  void servo_init();
../Core/Inc/servo.h(11): warning:  #1295-D: Deprecated declaration caramera_init - give arg types
  void caramera_init();
../Core/Inc/odrive.h(20): warning:  #1295-D: Deprecated declaration odrive_feedback - give arg types
  void odrive_feedback();
../Core/Inc/odrive.h(21): warning:  #1295-D: Deprecated declaration odrive_init - give arg types
  void odrive_init();
../Core/Inc/odrive.h(24): warning:  #1-D: last line of file ends without a newline
  #endif
../Core/Inc/balance.h(6): warning:  #1295-D: Deprecated declaration show_param_init - give arg types
  void show_param_init();
../Core/Inc/balance.h(7): warning:  #1295-D: Deprecated declaration param_init - give arg types
  void param_init();
../Core/Inc/balance.h(9): warning:  #1295-D: Deprecated declaration scope_show - give arg types
  void scope_show();
../Core/Inc/balance.h(50): warning:  #1295-D: Deprecated declaration scpoe_show_one - give arg types
  void scpoe_show_one();
../Core/Inc/balance.h(62): warning:  #1-D: last line of file ends without a newline
  #endif
../Core/Src/tim.c: 10 warnings, 0 errors
compiling usart.c...
../Core/Inc/odrive.h(20): warning:  #1295-D: Deprecated declaration odrive_feedback - give arg types
  void odrive_feedback();
../Core/Inc/odrive.h(21): warning:  #1295-D: Deprecated declaration odrive_init - give arg types
  void odrive_init();
../Core/Inc/odrive.h(24): warning:  #1-D: last line of file ends without a newline
  #endif
../Core/Inc/servo.h(6): warning:  #1295-D: Deprecated declaration servo_init - give arg types
  void servo_init();
../Core/Inc/servo.h(11): warning:  #1295-D: Deprecated declaration caramera_init - give arg types
  void caramera_init();
../Core/Src/usart.c(370): warning:  #167-D: argument of type "unsigned char *" is incompatible with parameter of type "char *"
        odrive_analyze_speed(USART_RX_BUF1, len);
../Core/Src/usart.c(405): warning:  #167-D: argument of type "unsigned char *" is incompatible with parameter of type "char *"
          caramera_get(USART_RX_BUF2, len);
../Core/Src/usart.c: 7 warnings, 0 errors
compiling packet.c...
compiling imu_data_decode.c...
compiling stm32f4xx_hal_rcc.c...
compiling stm32f4xx_hal_tim_ex.c...
compiling stm32f4xx_hal_tim.c...
compiling balane.c...
../Core/Inc/balance.h(6): warning:  #1295-D: Deprecated declaration show_param_init - give arg types
  void show_param_init();
../Core/Inc/balance.h(7): warning:  #1295-D: Deprecated declaration param_init - give arg types
  void param_init();
../Core/Inc/balance.h(9): warning:  #1295-D: Deprecated declaration scope_show - give arg types
  void scope_show();
../Core/Inc/balance.h(50): warning:  #1295-D: Deprecated declaration scpoe_show_one - give arg types
  void scpoe_show_one();
../Core/Inc/balance.h(62): warning:  #1-D: last line of file ends without a newline
  #endif
../Core/Inc/odrive.h(20): warning:  #1295-D: Deprecated declaration odrive_feedback - give arg types
  void odrive_feedback();
../Core/Inc/odrive.h(21): warning:  #1295-D: Deprecated declaration odrive_init - give arg types
  void odrive_init();
../Core/Inc/odrive.h(24): warning:  #1-D: last line of file ends without a newline
  #endif
../Core/Inc/servo.h(6): warning:  #1295-D: Deprecated declaration servo_init - give arg types
  void servo_init();
../Core/Inc/servo.h(11): warning:  #1295-D: Deprecated declaration caramera_init - give arg types
  void caramera_init();
..\Core\Src\balane.c(62): warning:  #550-D: variable "X_Balance_Last_Bias"  was set but never used
       static float error,X_Balance_Last_Bias;
..\Core\Src\balane.c(198): warning:  #1-D: last line of file ends without a newline
  }
..\Core\Src\balane.c: 12 warnings, 0 errors
compiling zf_device_key.c...
compiling odrive.c...
../Core/Inc/odrive.h(20): warning:  #1295-D: Deprecated declaration odrive_feedback - give arg types
  void odrive_feedback();
../Core/Inc/odrive.h(21): warning:  #1295-D: Deprecated declaration odrive_init - give arg types
  void odrive_init();
../Core/Inc/odrive.h(24): warning:  #1-D: last line of file ends without a newline
  #endif
..\Core\Src\odrive.c(127): warning:  #167-D: argument of type "char *" is incompatible with parameter of type "const uint8_t *"
      HAL_UART_Transmit(&huart1,uart5_tx_data,12,100);
..\Core\Src\odrive.c(89): warning:  #177-D: variable "uart5_tx_i"  was declared but never referenced
      unsigned char uart5_tx_i = 0;
..\Core\Src\odrive.c(142): warning:  #223-D: function "strlen" declared implicitly
       HAL_UART_Transmit(&huart1,msg,strlen(msg),100);
..\Core\Src\odrive.c(142): warning:  #167-D: argument of type "char *" is incompatible with parameter of type "const uint8_t *"
       HAL_UART_Transmit(&huart1,msg,strlen(msg),100);
..\Core\Src\odrive.c(170): warning:  #1-D: last line of file ends without a newline
  }
..\Core\Src\odrive.c: 8 warnings, 0 errors
compiling servo.c...
../Core/Inc/servo.h(6): warning:  #1295-D: Deprecated declaration servo_init - give arg types
  void servo_init();
../Core/Inc/servo.h(11): warning:  #1295-D: Deprecated declaration caramera_init - give arg types
  void caramera_init();
../Core/Inc/balance.h(6): warning:  #1295-D: Deprecated declaration show_param_init - give arg types
  void show_param_init();
../Core/Inc/balance.h(7): warning:  #1295-D: Deprecated declaration param_init - give arg types
  void param_init();
../Core/Inc/balance.h(9): warning:  #1295-D: Deprecated declaration scope_show - give arg types
  void scope_show();
../Core/Inc/balance.h(50): warning:  #1295-D: Deprecated declaration scpoe_show_one - give arg types
  void scpoe_show_one();
../Core/Inc/balance.h(62): warning:  #1-D: last line of file ends without a newline
  #endif
..\Core\Src\servo.c: 7 warnings, 0 errors
compiling stm32f4xx_hal_rcc_ex.c...
compiling stm32f4xx_hal_flash.c...
compiling stm32f4xx_hal_flash_ex.c...
compiling stm32f4xx_hal_flash_ramfunc.c...
compiling stm32f4xx_hal_dma.c...
compiling stm32f4xx_hal_gpio.c...
compiling stm32f4xx_hal_dma_ex.c...
compiling stm32f4xx_hal_cortex.c...
compiling stm32f4xx_hal_pwr_ex.c...
compiling stm32f4xx_hal_pwr.c...
compiling stm32f4xx_hal_exti.c...
compiling stm32f4xx_hal.c...
compiling stm32f4xx_ll_rcc.c...
compiling stm32f4xx_ll_exti.c...
compiling stm32f4xx_ll_gpio.c...
compiling stm32f4xx_ll_utils.c...
compiling stm32f4xx_ll_usart.c...
compiling system_stm32f4xx.c...
compiling stm32f4xx_ll_dma.c...
compiling stm32f4xx_hal_uart.c...
linking...
Program Size: Code=20758 RO-data=594 RW-data=224 ZI-data=5944  
FromELF: creating hex file...
"F407ZGT6\F407ZGT6.axf" - 0 Error(s), 57 Warning(s).

<h2>Software Packages used:</h2>

Package Vendor: ARM
                http://www.keil.com/pack/ARM.CMSIS.5.8.0.pack
                ARM.CMSIS.5.8.0
                CMSIS (Common Microcontroller Software Interface Standard)
   * Component: CORE Version: 5.5.0

Package Vendor: Keil
                http://www.keil.com/pack/Keil.STM32F4xx_DFP.2.15.0.pack
                Keil.STM32F4xx_DFP.2.15.0
                STMicroelectronics STM32F4 Series Device Support, Drivers and Examples

<h2>Collection of Component include folders:</h2>
  .\RTE\_F407ZGT6
  D:\Keil5\MDK5\Packs\ARM\CMSIS\5.8.0\CMSIS\Core\Include
  D:\Keil5\MDK5\Packs\Keil\STM32F4xx_DFP\2.15.0\Drivers\CMSIS\Device\ST\STM32F4xx\Include

<h2>Collection of Component Files used:</h2>

   * Component: ARM::CMSIS:CORE:5.5.0
Build Time Elapsed:  00:00:41
</pre>
</body>
</html>
